{
  "configuration": {
    "provider_config": {
      "mock": {
        "full_name": "registry.terraform.io/liamcervante/mock",
        "name": "mock"
      }
    },
    "root_module": {
      "resources": [
        {
          "address": "mock_simple_resource.integer",
          "expressions": {
            "id": {
              "constant_value": "my_integer"
            },
            "integer": {
              "constant_value": 1
            }
          },
          "mode": "managed",
          "name": "integer",
          "provider_config_key": "mock",
          "schema_version": 0,
          "type": "mock_simple_resource"
        }
      ]
    }
  },
  "format_version": "1.1",
  "planned_values": {
    "root_module": {
      "resources": [
        {
          "address": "mock_simple_resource.integer",
          "mode": "managed",
          "name": "integer",
          "provider_name": "registry.terraform.io/liamcervante/mock",
          "schema_version": 0,
          "sensitive_values": {},
          "type": "mock_simple_resource",
          "values": {
            "bool": null,
            "float": null,
            "id": "my_integer",
            "integer": 1,
            "number": null,
            "string": null
          }
        }
      ]
    }
  },
  "resource_changes": [
    {
      "address": "mock_simple_resource.integer",
      "change": {
        "actions": [
          "create"
        ],
        "after": {
          "bool": null,
          "float": null,
          "id": "my_integer",
          "integer": 1,
          "number": null,
          "string": null
        },
        "after_sensitive": {},
        "after_unknown": {},
        "before": null,
        "before_sensitive": false
      },
      "mode": "managed",
      "name": "integer",
      "provider_name": "registry.terraform.io/liamcervante/mock",
      "type": "mock_simple_resource"
    }
  ]
}