{
  "values": {
    "id": {
      "string": "my_integer"
    },
    "integer": {
      "number": "2"
    }
  }
}